// Jest Snapshot v1, https://goo.gl/fbAQLP

exports[`ConnectedButton component matches snapshot 1`] = `
<button
  onClick={[Function]}
>
  Add connection event!
</button>
`;
