// Jest Snapshot v1, https://goo.gl/fbAQLP

exports[`ContactList component matches snapshot 1`] = `
<Fragment>
  <ul />
  <Component
    to="contacts/add"
  >
    <img
      src="PLUS_ICON"
    />
  </Component>
</Fragment>
`;
